Hospital local train/test sizes:
  cleveland: train=227, test=76
  hungary: train=218, test=73
  switzerland: train=87, test=29
  va_long_beach: train=104, test=35

============================================================
Model: random_forest
============================================================

[Local ML] per-hospital results:
     hospital  n_train  n_test  accuracy  precision  recall     f1    auc
    cleveland      227      76    0.8026     0.7632  0.8286 0.7945 0.8875
      hungary      218      73    0.8493     0.8261  0.7308 0.7755 0.9051
  switzerland       87      29    0.8966     0.9286  0.9630 0.9455 0.2593
va_long_beach      104      35    0.7429     0.7812  0.9259 0.8475 0.6806
Saved to /home/runner/work/PBL-5/PBL-5/experiments/results/phase3_local_ml_random_forest.csv

[Centralized ML] overall (pooled test set): {'n_test': 213, 'accuracy': 0.8122, 'precision': 0.7953, 'recall': 0.8783, 'f1': 0.8347, 'auc': 0.8993, 'n_train': 636}
[Centralized ML] per-hospital breakdown:
     hospital  n_test  accuracy  precision  recall     f1    auc
    cleveland      76    0.8158     0.7561  0.8857 0.8158 0.9052
      hungary      73    0.8630     0.7500  0.9231 0.8276 0.9325
  switzerland      29    0.7241     0.9130  0.7778 0.8400 0.5926
va_long_beach      35    0.7714     0.8065  0.9259 0.8621 0.7708
Saved to /home/runner/work/PBL-5/PBL-5/experiments/results/phase3_centralized_ml_random_forest_per_hospital.csv

============================================================
Model: logistic_regression
============================================================

[Local ML] per-hospital results:
     hospital  n_train  n_test  accuracy  precision  recall     f1    auc
    cleveland      227      76    0.8553     0.8529  0.8286 0.8406 0.9275
      hungary      218      73    0.8356     0.8500  0.6538 0.7391 0.9018
  switzerland       87      29    0.9310     0.9310  1.0000 0.9643 0.6111
va_long_beach      104      35    0.7429     0.7647  0.9630 0.8525 0.6944
Saved to /home/runner/work/PBL-5/PBL-5/experiments/results/phase3_local_ml_logistic_regression.csv

[Centralized ML] overall (pooled test set): {'n_test': 213, 'accuracy': 0.8357, 'precision': 0.8175, 'recall': 0.8957, 'f1': 0.8548, 'auc': 0.9061, 'n_train': 636}
[Centralized ML] per-hospital breakdown:
     hospital  n_test  accuracy  precision  recall     f1    auc
    cleveland      76    0.8816     0.8250  0.9429 0.8800 0.9380
      hungary      73    0.8356     0.7500  0.8077 0.7778 0.9272
  switzerland      29    0.8276     0.9231  0.8889 0.9057 0.5185
va_long_beach      35    0.7429     0.7812  0.9259 0.8475 0.7731
Saved to /home/runner/work/PBL-5/PBL-5/experiments/results/phase3_centralized_ml_logistic_regression_per_hospital.csv

============================================================
Phase 3 summary (Local ML vs Centralized ML):
              model                       experiment  accuracy
      random_forest Local ML (mean across hospitals)    0.8228
      random_forest Centralized ML (pooled test set)    0.8122
logistic_regression Local ML (mean across hospitals)    0.8412
logistic_regression Centralized ML (pooled test set)    0.8357
Saved to /home/runner/work/PBL-5/PBL-5/experiments/results/phase3_summary.csv
Saved chart to /home/runner/work/PBL-5/PBL-5/experiments/results/phase3_local_vs_centralized.png
